// Jest Snapshot v1, https://goo.gl/fbAQLP

exports[`Form component testing Form snapshot test 1`] = `
<div>
  <span>
    Test form
  </span>
  <form
    action=""
    onSubmit={[Function]}
  >
    <input
      className="input"
      name="login"
      onChange={[Function]}
      placeholder="Login placeholder"
      type="text"
    />
    <input
      className="input"
      name="password"
      onChange={[Function]}
      placeholder="Password placeholder"
      type="text"
    />
    <button
      className=" button button_default button_small"
      type="submit"
    >
      Submit text
    </button>
  </form>
</div>
`;
